// Jest Snapshot v1, https://goo.gl/fbAQLP

exports[`renders correctly 1`] = `
<View
  accessible={true}
  collapsable={false}
  focusable={true}
  nativeID="animatedComponent"
  onClick={[Function]}
  onResponderGrant={[Function]}
  onResponderMove={[Function]}
  onResponderRelease={[Function]}
  onResponderTerminate={[Function]}
  onResponderTerminationRequest={[Function]}
  onStartShouldSetResponder={[Function]}
  style={
    Object {
      "borderColor": "grey",
      "borderTopWidth": 1,
      "opacity": 1,
      "paddingTop": 15,
    }
  }
  testID="Navigate.Button"
>
  <Text
    style={
      Object {
        "fontSize": 20,
        "paddingBottom": 10,
      }
    }
  >
    December 24, 2018 10:33 AM
  </Text>
  <Text>
    Duration:
  </Text>
  <View
    style={
      Object {
        "flexDirection": "row",
        "justifyContent": "space-around",
      }
    }
  >
    <Text>
      Minutes: 
      2
    </Text>
    <Text>
      Seconds: 
      32
    </Text>
  </View>
  <View
    accessible={true}
    collapsable={false}
    focusable={true}
    nativeID="animatedComponent"
    onClick={[Function]}
    onResponderGrant={[Function]}
    onResponderMove={[Function]}
    onResponderRelease={[Function]}
    onResponderTerminate={[Function]}
    onResponderTerminationRequest={[Function]}
    onStartShouldSetResponder={[Function]}
    style={
      Object {
        "alignItems": "center",
        "alignSelf": "center",
        "backgroundColor": "tomato",
        "borderRadius": 5,
        "height": 20,
        "justifyContent": "center",
        "marginBottom": 30,
        "marginTop": 10,
        "opacity": 1,
        "width": 100,
      }
    }
  >
    <Text>
      Delete
    </Text>
  </View>
</View>
`;
