// Jest Snapshot v1, https://goo.gl/fbAQLP

exports[`renders default elements 1`] = `<ActivityIndicator />`;
